
============================================================================
 STAGES 1+2 - intake & chunking (8 docs, full)
============================================================================

----------------------------------------------------------------------------
DOCUMENT: Bangladesh-Labour-Act-2006_English-Upto-2018.pdf
route:   {'prose': 137, 'table': 4, 'mixed': 3}
[PROSE] node=blk001       page=1    ~194tok kind=leaf
   Bangladesh Labour Act, 2006 THE BANGLADESH LABOUR ACT, 2006 [ACT NO. XLII OF 2006] [11 October, 2006] An Act to amend and consolidate the laws relating to employment of workers, relations between workers and employers, determination of minimum rates of wages, payment of wages, co ...
[PROSE] node=1            page=1    ~16tok kind=section_header
   PRELIMINARY Short title, commencement and application.- (1) This Act may be called
[TABLE] node=p136_t00 page=136 caption=PARTIAL DISABLEMENT
   Structured data table with 3 columns: Serial No., Description of injury, Percentage of loss of earning capacity. It contains 27 data rows and 80 populated cells; sample values: Serial No., Description of injury, Percentage of loss of earning capacity, 1, 2.
[FLAG ] p140_t00 (empty column header(s) at index [0, 1] | retry(text-strategy): empty column header(s) at index [0, 1, 2, 3])
[FLAG ] p141_t00 (empty column header(s) at index [0, 1] | retry(text-strategy): empty column header(s) at index [0, 1])

----------------------------------------------------------------------------
DOCUMENT: Bangladesh-Labour-Rules-2015-English_Unofficial.pdf
route:   {'prose': 204, 'mixed': 75, 'visual_routing_required': 2}
[PROSE] node=front_matter page=1    ~74tok kind=front_matter
   Translated from Bengali Registered No. DA- 1 The Bangladesh Gazette Additional Issue Published by the Authority Tuesday, September 15, 2015 The People’s Republic of Bangladesh Ministry of Labour and Employment. Gazette Notification Dated: 31 Bhadra, 1422, Bengali Year/15 Septembe ...
[PROSE] node=blk002       page=1    ~21tok kind=leaf
   Act, 2006 (Act Number 42 of 2006) , the Government has hereby adopted the following Rules:
[TABLE] node=p066_t00 page=66 caption=be deposited in the government treasury through treasury invoice (chalan), namely:-
   Structured data table with 3 columns: Serial number, Type of trade union organization, Registration fee. It contains 4 data rows and 15 populated cells; sample values: Serial number, Type of trade union organization, Registration fee, 1, Trade union.
[FLAG ] p065_t00 (empty column header(s) at index [1, 2, 3, 5] | retry(text-strategy): empty column header(s) at index [3])
[FLAG ] p068_t00 (empty column header(s) at index [1, 2, 4] | retry(text-strategy): empty column header(s) at index [2])

----------------------------------------------------------------------------
DOCUMENT: BangladeshGagette2025.pdf
route:   {'prose': 1}
[PROSE] node=blk001       page=1    ~36tok kind=leaf
   **No. 40.00.0000.016.99.009.24-207** — In light of the recommendations made by the "Minimum Wage Re-evaluation and Annual Increment" committee, formed under the Ministry of Labour and Employment's Memo No.
[PROSE] node=40           page=1    ~22tok kind=leaf
   00.0000.042.41.004.24-241, dated 29-09-2024, the Government has announced the annual increment for the garment industry sector as follows:

----------------------------------------------------------------------------
DOCUMENT: BangladeshGagetteInBanglishJul2021.pdf
route:   {'prose': 84, 'mixed': 4}
[PROSE] node=part01       page=1    ~326tok kind=prose_fallback
   †iwR÷vW© bs wW G-1 ÒRvwZi wcZv e½eÜz †kL gywReyi ingv‡bi Rb¥kZevwl©Kx D`&hvcb mdj †nvKÓ evsjv‡`k †M‡RU AwZwi³ msL¨v KZ…©cÿ KZ…©K cÖKvwkZ g½jevi, RyjvB 27, 2021 Government of the Peoples’ Republic of Bangladesh Prime Minister’s Office Notification Dated: 27 July, 2021. S.R.O.No.25 ...
[PROSE] node=1            page=2    ~22tok kind=section_header
   11618 evsjv‡`k †M‡RU, AwZwi³, RyjvB 27, 2021 PRELIMINARY Short title, commencement and application.(1) This Act may be
[TABLE] node=p069_t00 page=69 caption=the Zones.
   Structured data table with 1 columns: 168. Chief Inspector, etc.(1) The Chief Inspector and other Inspectors. It contains 7 data rows and 8 populated cells; sample values: 168. Chief Inspector, etc.(1) The Chief Inspector and other Inspectors, may, with the permission of the Ex ...

----------------------------------------------------------------------------
DOCUMENT: BangladeshGagetteSep2015.pdf
route:   {'visual_routing_required': 1, 'prose': 172, 'mixed': 6}
[PROSE] node=blk001       page=2    ~198tok kind=leaf
   7884 evsjv‡`k †M‡RU, AwZwi³, †m‡Þ¤^i 28, 2015 THE BANGLADESH LABOUR ACT, 2006 ACT NO. XLII OF 2006 [11 October, 2006] An Act to amend and consolidate the laws relating to employment of workers, relations between workers and employers, determination of minimum rates of wages, paym ...
[PROSE] node=1            page=2    ~14tok kind=section_header
   PRELIMINARY Short title, commencement and application.(1) This Act may be called
[TABLE] node=p170_t00 page=170 caption=DISABLEMENT
   Structured data table with 3 columns: Serial No., Description of injury, Percentage of loss of earning capacity. It contains 26 data rows and 77 populated cells; sample values: Serial No., Description of injury, Percentage of loss of earning capacity, 1, 2.
[FLAG ] p001 (text-layer garbage (top-token share 0.04, one-letter 0.12))

----------------------------------------------------------------------------
DOCUMENT: Legal 500 Bangladesh.pdf
route:   {'prose': 8}
[PROSE] node=part01       page=1    ~72tok kind=prose_fallback
   Legal 500 Country Comparative Guides 2026 Bangladesh Employment and Labour Law Contributor Vertex Chambers Tanvir Quader Partner | tquader@vertexchambers.com Ameer Faysal Associate | ameer@vertexchambers.com Md Shafiuddin Jihad Associate | msjihad@vertexchambers.com This country- ...
[PROSE] node=part01       page=2    ~342tok kind=prose_fallback
   Employment and Labour Law: Bangladesh Bangladesh: Employment and Labour Law 1. Does an employer need a reason to lawfully need to be affected. terminate an employment relationship? If so, state what reasons are lawful in your 3. What, if any, additional considerations apply if ju ...

----------------------------------------------------------------------------
DOCUMENT: Report of the Committee on Freedom of Association.pdf
route:   {'prose': 144, 'mixed': 18}
[PROSE] node=part01       page=1    ~200tok kind=prose_fallback
    GB.354/INS/8 Governing Body 354th Session, Geneva, 14 June 2025 Institutional Section INS Eighth item on the agenda Report of the Committee on Freedom of Association 411th Report of the Committee on Freedom of Association  Contents Paragraphs Introduction ..................... ...
[PROSE] node=part01       page=2    ~334tok kind=prose_fallback
    GB.354/INS/8 2 Case No. 3203 (Bangladesh): Interim report Complaint against the Government of Bangladesh presented by the International Trade Union Confederation (ITUC) .................................................................. 150–165 The Committee’s conclusions ...... ...
[TABLE] node=p026_t00 page=26 caption=informed of any developments relating to the following 53 cases.
   Structured data table with 3 columns: Case No., Last examination on, Last follow-up. It contains 3 data rows and 11 populated cells; sample values: Case No., Last examination on, Last follow-up, the merits, examination.

----------------------------------------------------------------------------
DOCUMENT: Revision-of-the-Minimum-Wage-of-RMG-Workers-in-2023.pdf
route:   {'empty': 4, 'prose': 12, 'mixed': 30}
[PROSE] node=part01       page=2    ~26tok kind=prose_fallback
   Revision of the Minimum Wage of RMG Workers in 2023 Khondaker Golam Moazzem Tamim Ahmed M M Fardeen Kabir i
[PROSE] node=part01       page=3    ~198tok kind=prose_fallback
   Revision of the Minimum Wage of RMG Workers in 2023 Published in March 2024 Centre for Policy Dialogue (CPD) House 40/C, Road 11 (new) Dhanmondi, Dhaka-1209, Bangladesh Telephone: (+88 02) 55001185, 55001990, 58156983 Fax: (+88 02) 48110414 E-mail: info@cpd.org.bd Website: www.cp ...
[TABLE] node=p014_t00 page=14 caption=Table 1: Criteria for setting minimum wage in Indonesia and Cambodia
   Structured data table with 3 columns: Indonesia, Cambodia, India. It contains 1 data rows and 6 populated cells; sample values: Indonesia, Cambodia, India, • The specific industry can generate added value to the local economy. • Must be higher than the provincial minimum wage (us ...
[FLAG ] p012_t00 (empty column header(s) at index [0, 1, 4]; row 0 col 3: digit-space-digit in '1 20' (flattened line break); row 1 col 1: digit-space-digit in '23 9' (flattened line break); row 1 col 2: digit-space-digit in '229 132' (flattened line break); row 2 col 1: digit-space-digit in '1 4857' (flattened line break) | retry(text-strategy): None)
[FLAG ] p013_t00 (empty column header(s) at index [0, 1, 2, 3, 5, 6, 7, 8, 9, 10, 11, 12, 13, 14, 15, 16, 17, 18, 19, 20, 21, 22, 23, 24]; row 3 col 17: digit-space-digit in '2.1 2.3 2.1' (flattened line break); row 4 col 8: digit-space-digit in '1 0.7' (flattened line break) | retry(text-strategy): None)

============================================================================
 STAGE 3 - structural validation gate
============================================================================
  bangladesh_labour_act_2006_english_upto_2018            pass  (pass_rate 0.39, review 8)
  bangladesh_labour_rules_2015_english_unofficial         pass  (pass_rate 0.06, review 76)
  bangladeshgagette2025                                   pass  (pass_rate 0.46, review 6)
  bangladeshgagetteinbanglishjul2021                      pass  (pass_rate 0.06, review 74)
  bangladeshgagettesep2015                                pass  (pass_rate 0.25, review 15)
  legal_500_bangladesh                                    pass  (pass_rate 0.42, review 7)
  report_of_the_committee_on_freedom_of_association       pass  (pass_rate 0.13, review 33)
  revision_of_the_minimum_wage_of_rmg_workers_in_2023     pass  (pass_rate 0.28, review 13)
  blocked documents: 0 / 8

============================================================================
 STAGE 4 - parent-child indexing
============================================================================
  children=9399 parents=2233 (prose 1818, self 262, table 153)

============================================================================
 STAGE 5 - metadata tagging
============================================================================
  tagged 9402 chunks with section_path / topic_tags / authority

============================================================================
 STAGE 6 - deduplication
============================================================================
Loading weights:   0%|          | 0/103 [00:00<?, ?it/s]Loading weights: 100%|##########| 103/103 [00:00<00:00, 2720.40it/s]
  scored 8437 children (embedding:sentence-transformers/all-MiniLM-L6-v2): 962 exact + 925 near duplicates demoted

============================================================================
 STAGE 7 - embedding & index write
============================================================================
Loading weights:   0%|          | 0/391 [00:00<?, ?it/s]Loading weights: 100%|##########| 391/391 [00:00<00:00, 9040.99it/s]
E:\Ashvin_CS\Nyaya\ingestion\indexer.py:102: FutureWarning: The `get_sentence_embedding_dimension` method has been renamed to `get_embedding_dimension`.
  dim = model.get_sentence_embedding_dimension()
INGEST_EXIT=139
