
============================================================================
 STAGES 1+2 - intake & chunking (8 docs, max 30 pages)
============================================================================

----------------------------------------------------------------------------
DOCUMENT: Bangladesh-Labour-Act-2006_English-Upto-2018.pdf
route:   {'prose': 30}
[PROSE] node=blk001       page=1    ~194tok kind=leaf
   Bangladesh Labour Act, 2006 THE BANGLADESH LABOUR ACT, 2006 [ACT NO. XLII OF 2006] [11 October, 2006] An Act to amend and consolidate the laws relating to employment of workers, relations between workers and employers, determination of minimum rates of wages, payment of wages, co ...
[PROSE] node=1            page=1    ~16tok kind=section_header
   PRELIMINARY Short title, commencement and application.- (1) This Act may be called

----------------------------------------------------------------------------
DOCUMENT: Bangladesh-Labour-Rules-2015-English_Unofficial.pdf
route:   {'prose': 30}
[PROSE] node=front_matter page=1    ~74tok kind=front_matter
   Translated from Bengali Registered No. DA- 1 The Bangladesh Gazette Additional Issue Published by the Authority Tuesday, September 15, 2015 The People’s Republic of Bangladesh Ministry of Labour and Employment. Gazette Notification Dated: 31 Bhadra, 1422, Bengali Year/15 Septembe ...
[PROSE] node=blk002       page=1    ~21tok kind=leaf
   Act, 2006 (Act Number 42 of 2006) , the Government has hereby adopted the following Rules:

----------------------------------------------------------------------------
DOCUMENT: BangladeshGagette2025.pdf
route:   {'prose': 1}
[PROSE] node=blk001       page=1    ~36tok kind=leaf
   **No. 40.00.0000.016.99.009.24-207** — In light of the recommendations made by the "Minimum Wage Re-evaluation and Annual Increment" committee, formed under the Ministry of Labour and Employment's Memo No.
[PROSE] node=40           page=1    ~22tok kind=leaf
   00.0000.042.41.004.24-241, dated 29-09-2024, the Government has announced the annual increment for the garment industry sector as follows:

----------------------------------------------------------------------------
DOCUMENT: BangladeshGagetteInBanglishJul2021.pdf
route:   {'prose': 30}
[PROSE] node=part01       page=1    ~326tok kind=prose_fallback
   †iwR÷vW© bs wW G-1 ÒRvwZi wcZv e½eÜz †kL gywReyi ingv‡bi Rb¥kZevwl©Kx D`&hvcb mdj †nvKÓ evsjv‡`k †M‡RU AwZwi³ msL¨v KZ…©cÿ KZ…©K cÖKvwkZ g½jevi, RyjvB 27, 2021 Government of the Peoples’ Republic of Bangladesh Prime Minister’s Office Notification Dated: 27 July, 2021. S.R.O.No.25 ...
[PROSE] node=1            page=2    ~22tok kind=section_header
   11618 evsjv‡`k †M‡RU, AwZwi³, RyjvB 27, 2021 PRELIMINARY Short title, commencement and application.(1) This Act may be

----------------------------------------------------------------------------
DOCUMENT: BangladeshGagetteSep2015.pdf
route:   {'visual_routing_required': 1, 'prose': 29}
[PROSE] node=blk001       page=2    ~198tok kind=leaf
   7884 evsjv‡`k †M‡RU, AwZwi³, †m‡Þ¤^i 28, 2015 THE BANGLADESH LABOUR ACT, 2006 ACT NO. XLII OF 2006 [11 October, 2006] An Act to amend and consolidate the laws relating to employment of workers, relations between workers and employers, determination of minimum rates of wages, paym ...
[PROSE] node=1            page=2    ~14tok kind=section_header
   PRELIMINARY Short title, commencement and application.(1) This Act may be called
[FLAG ] p001 (text-layer garbage (top-token share 0.04, one-letter 0.12))

----------------------------------------------------------------------------
DOCUMENT: Legal 500 Bangladesh.pdf
route:   {'prose': 8}
[PROSE] node=part01       page=1    ~72tok kind=prose_fallback
   Legal 500 Country Comparative Guides 2026 Bangladesh Employment and Labour Law Contributor Vertex Chambers Tanvir Quader Partner | tquader@vertexchambers.com Ameer Faysal Associate | ameer@vertexchambers.com Md Shafiuddin Jihad Associate | msjihad@vertexchambers.com This country- ...
[PROSE] node=part01       page=2    ~342tok kind=prose_fallback
   Employment and Labour Law: Bangladesh Bangladesh: Employment and Labour Law 1. Does an employer need a reason to lawfully need to be affected. terminate an employment relationship? If so, state what reasons are lawful in your 3. What, if any, additional considerations apply if ju ...

----------------------------------------------------------------------------
DOCUMENT: Report of the Committee on Freedom of Association.pdf
route:   {'prose': 27, 'mixed': 3}
[PROSE] node=part01       page=1    ~200tok kind=prose_fallback
    GB.354/INS/8 Governing Body 354th Session, Geneva, 14 June 2025 Institutional Section INS Eighth item on the agenda Report of the Committee on Freedom of Association 411th Report of the Committee on Freedom of Association  Contents Paragraphs Introduction ..................... ...
[PROSE] node=part01       page=2    ~334tok kind=prose_fallback
    GB.354/INS/8 2 Case No. 3203 (Bangladesh): Interim report Complaint against the Government of Bangladesh presented by the International Trade Union Confederation (ITUC) .................................................................. 150–165 The Committee’s conclusions ...... ...
[TABLE] node=p026_t00 page=26 caption=informed of any developments relating to the following 53 cases.
   Structured data table with 3 columns: Case No., Last examination on, Last follow-up. It contains 3 data rows and 11 populated cells; sample values: Case No., Last examination on, Last follow-up, the merits, examination.

----------------------------------------------------------------------------
DOCUMENT: Revision-of-the-Minimum-Wage-of-RMG-Workers-in-2023.pdf
route:   {'empty': 2, 'prose': 9, 'mixed': 19}
[PROSE] node=part01       page=2    ~26tok kind=prose_fallback
   Revision of the Minimum Wage of RMG Workers in 2023 Khondaker Golam Moazzem Tamim Ahmed M M Fardeen Kabir i
[PROSE] node=part01       page=3    ~198tok kind=prose_fallback
   Revision of the Minimum Wage of RMG Workers in 2023 Published in March 2024 Centre for Policy Dialogue (CPD) House 40/C, Road 11 (new) Dhanmondi, Dhaka-1209, Bangladesh Telephone: (+88 02) 55001185, 55001990, 58156983 Fax: (+88 02) 48110414 E-mail: info@cpd.org.bd Website: www.cp ...
[TABLE] node=p014_t00 page=14 caption=Table 1: Criteria for setting minimum wage in Indonesia and Cambodia
   Structured data table with 3 columns: Indonesia, Cambodia, India. It contains 1 data rows and 6 populated cells; sample values: Indonesia, Cambodia, India, • The specific industry can generate added value to the local economy. • Must be higher than the provincial minimum wage (us ...
[FLAG ] p012_t00 (empty column header(s) at index [0, 1, 4]; row 0 col 3: digit-space-digit in '1 20' (flattened line break); row 1 col 1: digit-space-digit in '23 9' (flattened line break); row 1 col 2: digit-space-digit in '229 132' (flattened line break); row 2 col 1: digit-space-digit in '1 4857' (flattened line break) | retry(text-strategy): None)
[FLAG ] p013_t00 (empty column header(s) at index [0, 1, 2, 3, 5, 6, 7, 8, 9, 10, 11, 12, 13, 14, 15, 16, 17, 18, 19, 20, 21, 22, 23, 24]; row 3 col 17: digit-space-digit in '2.1 2.3 2.1' (flattened line break); row 4 col 8: digit-space-digit in '1 0.7' (flattened line break) | retry(text-strategy): None)

============================================================================
 STAGE 3 - structural validation gate
============================================================================
  bangladesh_labour_act_2006_english_upto_2018            pass  (pass_rate 0.83, review 1)
  bangladesh_labour_rules_2015_english_unofficial         pass  (pass_rate 1.00, review 0)
  bangladeshgagette2025                                   pass  (pass_rate 0.46, review 6)
  bangladeshgagetteinbanglishjul2021                      pass  (pass_rate 1.00, review 0)
  bangladeshgagettesep2015                                pass  (pass_rate 0.83, review 1)
  legal_500_bangladesh                                    pass  (pass_rate 0.42, review 7)
  report_of_the_committee_on_freedom_of_association       pass  (pass_rate 0.83, review 1)
  revision_of_the_minimum_wage_of_rmg_workers_in_2023     pass  (pass_rate 0.33, review 10)
  blocked documents: 0 / 8

============================================================================
 STAGE 7 - embedding & index write
============================================================================
Loading weights:   0%|          | 0/391 [00:00<?, ?it/s]Loading weights: 100%|##########| 391/391 [00:00<00:00, 10233.33it/s]
E:\Ashvin_CS\Nyaya\ingestion\indexer.py:111: FutureWarning: The `get_sentence_embedding_dimension` method has been renamed to `get_embedding_dimension`.
  dim = model.get_sentence_embedding_dimension()
  [index] embedding 1948 children with BAAI/bge-m3 (dim=1024)...
Windows fatal exception: access violation

Thread 0x00007e54 (most recent call first):
  File "C:\Users\ThinkPad\AppData\Local\Programs\Python\Python311\Lib\threading.py", line 324 in wait
  File "C:\Users\ThinkPad\AppData\Local\Programs\Python\Python311\Lib\threading.py", line 622 in wait
  File "C:\Users\ThinkPad\AppData\Local\Programs\Python\Python311\Lib\site-packages\tqdm\_monitor.py", line 69 in run
  File "C:\Users\ThinkPad\AppData\Local\Programs\Python\Python311\Lib\threading.py", line 1038 in _bootstrap_inner
  File "C:\Users\ThinkPad\AppData\Local\Programs\Python\Python311\Lib\threading.py", line 995 in _bootstrap

Thread 0x000045e8 (most recent call first):
  File "C:\Users\ThinkPad\AppData\Local\Programs\Python\Python311\Lib\threading.py", line 324 in wait
  File "C:\Users\ThinkPad\AppData\Local\Programs\Python\Python311\Lib\threading.py", line 622 in wait
  File "C:\Users\ThinkPad\AppData\Local\Programs\Python\Python311\Lib\site-packages\tqdm\_monitor.py", line 69 in run
  File "C:\Users\ThinkPad\AppData\Local\Programs\Python\Python311\Lib\threading.py", line 1038 in _bootstrap_inner
  File "C:\Users\ThinkPad\AppData\Local\Programs\Python\Python311\Lib\threading.py", line 995 in _bootstrap

Current thread 0x00003450 (most recent call first):
  File "C:\Users\ThinkPad\AppData\Local\Programs\Python\Python311\Lib\site-packages\torch\nn\functional.py", line 2621 in embedding
  File "C:\Users\ThinkPad\AppData\Local\Programs\Python\Python311\Lib\site-packages\torch\nn\modules\sparse.py", line 189 in forward
  File "C:\Users\ThinkPad\AppData\Local\Programs\Python\Python311\Lib\site-packages\torch\nn\modules\module.py", line 1794 in _call_impl
  File "C:\Users\ThinkPad\AppData\Local\Programs\Python\Python311\Lib\site-packages\torch\nn\modules\module.py", line 1783 in _wrapped_call_impl
  File "C:\Users\ThinkPad\AppData\Local\Programs\Python\Python311\Lib\site-packages\transformers\models\xlm_roberta\modeling_xlm_roberta.py", line 112 in forward
  File "C:\Users\ThinkPad\AppData\Local\Programs\Python\Python311\Lib\site-packages\torch\nn\modules\module.py", line 1794 in _call_impl
  File "C:\Users\ThinkPad\AppData\Local\Programs\Python\Python311\Lib\site-packages\torch\nn\modules\module.py", line 1783 in _wrapped_call_impl
  File "C:\Users\ThinkPad\AppData\Local\Programs\Python\Python311\Lib\site-packages\transformers\models\xlm_roberta\modeling_xlm_roberta.py", line 621 in forward
  File "C:\Users\ThinkPad\AppData\Local\Programs\Python\Python311\Lib\site-packages\transformers\utils\output_capturing.py", line 287 in wrapper
  File "C:\Users\ThinkPad\AppData\Local\Programs\Python\Python311\Lib\site-packages\transformers\utils\generic.py", line 1081 in wrapper
  File "C:\Users\ThinkPad\AppData\Local\Programs\Python\Python311\Lib\site-packages\sentence_transformers\base\modules\transformer.py", line 1650 in forward
  File "C:\Users\ThinkPad\AppData\Local\Programs\Python\Python311\Lib\site-packages\torch\nn\modules\module.py", line 1794 in _call_impl
  File "C:\Users\ThinkPad\AppData\Local\Programs\Python\Python311\Lib\site-packages\torch\nn\modules\module.py", line 1783 in _wrapped_call_impl
  File "C:\Users\ThinkPad\AppData\Local\Programs\Python\Python311\Lib\site-packages\sentence_transformers\base\model.py", line 569 in forward
  File "C:\Users\ThinkPad\AppData\Local\Programs\Python\Python311\Lib\site-packages\torch\nn\modules\module.py", line 1794 in _call_impl
  File "C:\Users\ThinkPad\AppData\Local\Programs\Python\Python311\Lib\site-packages\torch\nn\modules\module.py", line 1783 in _wrapped_call_impl
  File "C:\Users\ThinkPad\AppData\Local\Programs\Python\Python311\Lib\site-packages\sentence_transformers\sentence_transformer\model.py", line 941 in encode
  File "C:\Users\ThinkPad\AppData\Local\Programs\Python\Python311\Lib\site-packages\sentence_transformers\util\decorators.py", line 46 in wrapper
  File "C:\Users\ThinkPad\AppData\Local\Programs\Python\Python311\Lib\site-packages\torch\utils\_contextlib.py", line 124 in decorate_context
  File "E:\Ashvin_CS\Nyaya\ingestion\indexer.py", line 115 in embed_and_index
  File "E:\Ashvin_CS\Nyaya\ingestion\run_pipeline.py", line 196 in main
  File "E:\Ashvin_CS\Nyaya\ingestion\run_pipeline.py", line 233 in <module>
STAGE7_EXIT=139
